// Vitest Snapshot v1, https://vitest.dev/guide/snapshot.html

exports[`ScatterChart > snapshot smoke test 1`] = `
<div>
  <div
    class="relative w-full font-sans select-none text-sm"
  >
    <h3
      class="mb-2 text-sm font-semibold text-primary-700 dark:text-primary-200"
    >
      Smoke Test
    </h3>
    <div
      class="flex items-start"
    >
      <div
        class="flex-1 min-w-0 overflow-hidden"
      >
        <svg
          aria-label="Smoke Test"
          height="300"
          role="img"
          shape-rendering="geometricPrecision"
          viewBox="0 0 600 300"
          width="600"
        >
          <line
            class="text-secondary-200 dark:text-secondary-700"
            stroke="currentColor"
            stroke-dasharray="4 4"
            stroke-width="0.5"
            x1="52"
            x2="580"
            y1="264"
            y2="264"
          />
          <line
            class="text-secondary-200 dark:text-secondary-700"
            stroke="currentColor"
            stroke-dasharray="4 4"
            stroke-width="0.5"
            x1="52"
            x2="580"
            y1="203"
            y2="203"
          />
          <line
            class="text-secondary-200 dark:text-secondary-700"
            stroke="currentColor"
            stroke-dasharray="4 4"
            stroke-width="0.5"
            x1="52"
            x2="580"
            y1="142"
            y2="142"
          />
          <line
            class="text-secondary-200 dark:text-secondary-700"
            stroke="currentColor"
            stroke-dasharray="4 4"
            stroke-width="0.5"
            x1="52"
            x2="580"
            y1="81"
            y2="81"
          />
          <line
            class="text-secondary-200 dark:text-secondary-700"
            stroke="currentColor"
            stroke-dasharray="4 4"
            stroke-width="0.5"
            x1="52"
            x2="580"
            y1="20"
            y2="20"
          />
          <g
            class="chart-scatter-group"
          >
            <circle
              class="chart-scatter-dot"
              cx="103.09677419354838"
              cy="243.66666666666666"
              fill="var(--color-chart-1)"
              fill-opacity="0.75"
              r="5"
              stroke="var(--color-chart-1)"
              stroke-opacity="0.5"
              stroke-width="1"
              style="color: var(--color-chart-1);"
            />
            <circle
              class="chart-scatter-dot"
              cx="188.25806451612902"
              cy="167.41666666666669"
              fill="var(--color-chart-1)"
              fill-opacity="0.75"
              r="5"
              stroke="var(--color-chart-1)"
              stroke-opacity="0.5"
              stroke-width="1"
              style="color: var(--color-chart-1);"
            />
            <circle
              class="chart-scatter-dot"
              cx="273.4193548387097"
              cy="218.25"
              fill="var(--color-chart-1)"
              fill-opacity="0.75"
              r="5"
              stroke="var(--color-chart-1)"
              stroke-opacity="0.5"
              stroke-width="1"
              style="color: var(--color-chart-1);"
            />
            <circle
              class="chart-scatter-dot"
              cx="358.58064516129036"
              cy="142"
              fill="var(--color-chart-1)"
              fill-opacity="0.75"
              r="5"
              stroke="var(--color-chart-1)"
              stroke-opacity="0.5"
              stroke-width="1"
              style="color: var(--color-chart-1);"
            />
            <circle
              class="chart-scatter-dot"
              cx="443.741935483871"
              cy="192.83333333333331"
              fill="var(--color-chart-1)"
              fill-opacity="0.75"
              r="5"
              stroke="var(--color-chart-1)"
              stroke-opacity="0.5"
              stroke-width="1"
              style="color: var(--color-chart-1);"
            />
          </g>
          <g
            class="chart-scatter-group"
          >
            <circle
              class="chart-scatter-dot"
              cx="137.16129032258064"
              cy="91.16666666666666"
              fill="var(--color-chart-2)"
              fill-opacity="0.75"
              r="5"
              stroke="var(--color-chart-2)"
              stroke-opacity="0.5"
              stroke-width="1"
              style="color: var(--color-chart-2);"
            />
            <circle
              class="chart-scatter-dot"
              cx="239.35483870967744"
              cy="116.58333333333334"
              fill="var(--color-chart-2)"
              fill-opacity="0.75"
              r="5"
              stroke="var(--color-chart-2)"
              stroke-opacity="0.5"
              stroke-width="1"
              style="color: var(--color-chart-2);"
            />
            <circle
              class="chart-scatter-dot"
              cx="307.48387096774195"
              cy="65.75"
              fill="var(--color-chart-2)"
              fill-opacity="0.75"
              r="5"
              stroke="var(--color-chart-2)"
              stroke-opacity="0.5"
              stroke-width="1"
              style="color: var(--color-chart-2);"
            />
            <circle
              class="chart-scatter-dot"
              cx="409.67741935483866"
              cy="101.33333333333334"
              fill="var(--color-chart-2)"
              fill-opacity="0.75"
              r="5"
              stroke="var(--color-chart-2)"
              stroke-opacity="0.5"
              stroke-width="1"
              style="color: var(--color-chart-2);"
            />
            <circle
              class="chart-scatter-dot"
              cx="528.9032258064516"
              cy="40.33333333333334"
              fill="var(--color-chart-2)"
              fill-opacity="0.75"
              r="5"
              stroke="var(--color-chart-2)"
              stroke-opacity="0.5"
              stroke-width="1"
              style="color: var(--color-chart-2);"
            />
          </g>
          <line
            class="text-secondary-300 dark:text-secondary-600"
            stroke="currentColor"
            stroke-width="1"
            x1="52"
            x2="52"
            y1="20"
            y2="264"
          />
          <line
            class="text-secondary-300 dark:text-secondary-600"
            stroke="currentColor"
            stroke-width="1"
            x1="52"
            x2="580"
            y1="264"
            y2="264"
          />
          <g>
            <line
              class="text-secondary-300 dark:text-secondary-600"
              stroke="currentColor"
              stroke-width="1"
              x1="48"
              x2="52"
              y1="264"
              y2="264"
            />
            <text
              class="text-secondary-500 dark:text-secondary-400"
              dominant-baseline="middle"
              fill="currentColor"
              font-size="10"
              text-anchor="end"
              x="46"
              y="264"
            >
              16
            </text>
          </g>
          <g>
            <line
              class="text-secondary-300 dark:text-secondary-600"
              stroke="currentColor"
              stroke-width="1"
              x1="48"
              x2="52"
              y1="203"
              y2="203"
            />
            <text
              class="text-secondary-500 dark:text-secondary-400"
              dominant-baseline="middle"
              fill="currentColor"
              font-size="10"
              text-anchor="end"
              x="46"
              y="203"
            >
              28
            </text>
          </g>
          <g>
            <line
              class="text-secondary-300 dark:text-secondary-600"
              stroke="currentColor"
              stroke-width="1"
              x1="48"
              x2="52"
              y1="142"
              y2="142"
            />
            <text
              class="text-secondary-500 dark:text-secondary-400"
              dominant-baseline="middle"
              fill="currentColor"
              font-size="10"
              text-anchor="end"
              x="46"
              y="142"
            >
              40
            </text>
          </g>
          <g>
            <line
              class="text-secondary-300 dark:text-secondary-600"
              stroke="currentColor"
              stroke-width="1"
              x1="48"
              x2="52"
              y1="81"
              y2="81"
            />
            <text
              class="text-secondary-500 dark:text-secondary-400"
              dominant-baseline="middle"
              fill="currentColor"
              font-size="10"
              text-anchor="end"
              x="46"
              y="81"
            >
              52
            </text>
          </g>
          <g>
            <line
              class="text-secondary-300 dark:text-secondary-600"
              stroke="currentColor"
              stroke-width="1"
              x1="48"
              x2="52"
              y1="20"
              y2="20"
            />
            <text
              class="text-secondary-500 dark:text-secondary-400"
              dominant-baseline="middle"
              fill="currentColor"
              font-size="10"
              text-anchor="end"
              x="46"
              y="20"
            >
              64
            </text>
          </g>
          <g>
            <line
              class="text-secondary-300 dark:text-secondary-600"
              stroke="currentColor"
              stroke-width="1"
              x1="52"
              x2="52"
              y1="264"
              y2="268"
            />
            <text
              class="text-secondary-500 dark:text-secondary-400"
              fill="currentColor"
              font-size="10"
              text-anchor="middle"
              x="52"
              y="278"
            >
              7
            </text>
          </g>
          <g>
            <line
              class="text-secondary-300 dark:text-secondary-600"
              stroke="currentColor"
              stroke-width="1"
              x1="157.6"
              x2="157.6"
              y1="264"
              y2="268"
            />
            <text
              class="text-secondary-500 dark:text-secondary-400"
              fill="currentColor"
              font-size="10"
              text-anchor="middle"
              x="157.6"
              y="278"
            >
              13.20
            </text>
          </g>
          <g>
            <line
              class="text-secondary-300 dark:text-secondary-600"
              stroke="currentColor"
              stroke-width="1"
              x1="263.2"
              x2="263.2"
              y1="264"
              y2="268"
            />
            <text
              class="text-secondary-500 dark:text-secondary-400"
              fill="currentColor"
              font-size="10"
              text-anchor="middle"
              x="263.2"
              y="278"
            >
              19.40
            </text>
          </g>
          <g>
            <line
              class="text-secondary-300 dark:text-secondary-600"
              stroke="currentColor"
              stroke-width="1"
              x1="368.80000000000007"
              x2="368.80000000000007"
              y1="264"
              y2="268"
            />
            <text
              class="text-secondary-500 dark:text-secondary-400"
              fill="currentColor"
              font-size="10"
              text-anchor="middle"
              x="368.80000000000007"
              y="278"
            >
              25.60
            </text>
          </g>
          <g>
            <line
              class="text-secondary-300 dark:text-secondary-600"
              stroke="currentColor"
              stroke-width="1"
              x1="474.40000000000003"
              x2="474.40000000000003"
              y1="264"
              y2="268"
            />
            <text
              class="text-secondary-500 dark:text-secondary-400"
              fill="currentColor"
              font-size="10"
              text-anchor="middle"
              x="474.40000000000003"
              y="278"
            >
              31.80
            </text>
          </g>
          <g>
            <line
              class="text-secondary-300 dark:text-secondary-600"
              stroke="currentColor"
              stroke-width="1"
              x1="580"
              x2="580"
              y1="264"
              y2="268"
            />
            <text
              class="text-secondary-500 dark:text-secondary-400"
              fill="currentColor"
              font-size="10"
              text-anchor="middle"
              x="580"
              y="278"
            >
              38
            </text>
          </g>
        </svg>
      </div>
    </div>
    <div
      class="flex flex-wrap gap-3 items-center justify-center mt-3"
    >
      <button
        aria-pressed="true"
        class="flex items-center gap-1.5 cursor-pointer rounded px-1.5 py-1 text-xs text-primary-700 transition-opacity hover:bg-primary-100 dark:text-primary-300 dark:hover:bg-primary-800"
      >
        <span
          class="h-2.5 w-2.5 rounded-full shrink-0"
          style="background: var(--color-chart-1);"
        />
        Group A
      </button>
      <button
        aria-pressed="true"
        class="flex items-center gap-1.5 cursor-pointer rounded px-1.5 py-1 text-xs text-primary-700 transition-opacity hover:bg-primary-100 dark:text-primary-300 dark:hover:bg-primary-800"
      >
        <span
          class="h-2.5 w-2.5 rounded-full shrink-0"
          style="background: var(--color-chart-2);"
        />
        Group B
      </button>
    </div>
  </div>
</div>
`;
